type: "plugin-catalog"
version: "1"
name: "my-plugin-catalog"
displayName: "My Plugin Catalog"
configurations:
  - description: "These are Non-CAP plugins for version 2.387.3.5"
    prerequisites:
      productVersion: "[2.387.3.5]"
    includePlugins:
      beer:
        url: "https://www.brewery.com/download/beer.jpi"
