# This file is automatically generated - please do not edit manually.

# Annotations (given as a comment above the plugin in question):
#  tag:custom:version=...    - set a custom version (e.g. 1.0)
#  tag:custom:url=...        - sets a custom url (e.g. https://artifacts.acme.test/my-plugin/1.0/my-plugin.jpi)
#  tag:custom:requires=...   - spaced separated list of required dependencies (e.g. badge envinject)

# Plugin Categories:
#  cap - is this a CAP plugin?
#  3rd - is this a 3rd party plugin?
#  old - is this a deprecated plugin?
#  cve - are there open security issues?
#  bst - installed by default
#  dep - installed as dependency
#  src - used as a source plugin for this list

plugins:
  # tag:custom:url=https://www.brewery.com/download/beer.jpi
  - id: beer # 3rd src
  - id: git-client # cap src
