type: "plugin-catalog"
version: "1"
name: "my-plugin-catalog"
displayName: "My Offline Plugin Catalog"
configurations:
  - description: "These are Non-CAP plugins for version 2.387.3.5"
    prerequisites:
      productVersion: "[2.387.3.5]"
    includePlugins:
      beer:
        url: "http://plugin-catalog/plugins/beer/42.v776b_04d96de3/beer.hpi"
