# This file is automatically generated - please do not edit manually.

# Annotations:
#  tag:custom:version=...    - sets a custom version
#  tag:custom:url=...        - sets a custom url
#  tag:custom:requires=...   - specifies any required dependencies

# Plugin Categories:
#  cap - is this a CAP plugin?
#  3rd - is this a 3rd party plugin?
#  old - is this a deprecated plugin?
#  cve - are there open security issues?
#  bst - installed by default
#  dep - installed as dependency
#  lst - installed because it was listed
#  src - used as a source plugin for this list
#  min - is part of the viable 'minimal' set of plugins
#  gen - is part of the non-viable 'generation-only' set of plugins

plugins:
  - id: beer # 3rd lst src min gen
  - id: git-client # cap lst src min gen
  - id: mina-sshd-api-common # cap lst dep src
  - id: mina-sshd-api-core # cap lst dep src
