# This file is automatically generated - please do not edit manually.

# Annotations:
#  tag:custom:version=...    - sets a custom version
#  tag:custom:url=...        - sets a custom url
#  tag:custom:requires=...   - specifies any required dependencies

# Plugin Categories:
#  cap - is this a CAP plugin?
#  3rd - is this a 3rd party plugin?
#  old - is this a deprecated plugin?
#  cve - are there open security issues?
#  bst - installed by default
#  dep - installed as dependency
#  lst - installed because it was listed
#  src - used as a source plugin for this list
#  min - is part of the viable 'minimal' set of plugins
#  gen - is part of the non-viable 'generation-only' set of plugins

plugins:
  - id: ansicolor # 3rd lst src min gen
  - id: ant # cap lst dep src min
  - id: antisamy-markup-formatter # cap dep
  - id: artifactory # 3rd lst src min gen
  - id: aws-credentials # cap lst dep src min
  - id: aws-java-sdk # 3rd lst dep src min
  - id: aws-java-sdk-cloudformation # 3rd lst dep src min
  - id: aws-java-sdk-codebuild # 3rd lst dep src min
  - id: aws-java-sdk-ec2 # cap lst dep src
  - id: aws-java-sdk-ecr # 3rd lst dep src min
  - id: aws-java-sdk-ecs # 3rd lst dep src min
  - id: aws-java-sdk-efs # 3rd lst dep src min
  - id: aws-java-sdk-elasticbeanstalk # cap lst dep src min
  - id: aws-java-sdk-iam # 3rd lst dep src min
  - id: aws-java-sdk-logs # 3rd lst dep src min
  - id: aws-java-sdk-minimal # cap lst dep src
  - id: aws-java-sdk-sns # 3rd lst dep src min
  - id: aws-java-sdk-sqs # 3rd lst dep src min
  - id: aws-java-sdk-ssm # 3rd lst dep src min
  - id: badge # 3rd lst src min gen
  - id: blueocean # cap lst src min gen
  - id: bootstrap5-api # cap dep
  - id: branch-api # cap lst dep src
  - id: build-failure-analyzer # 3rd lst src min gen
  - id: build-monitor-plugin # 3rd lst src min gen
  - id: checks-api # cap dep min
  - id: cloudbees-casc-client # cap lst src min gen
  - id: cloudbees-casc-items-api # cap lst dep src
  - id: cloudbees-casc-items-commons # cap lst dep src
  - id: cloudbees-casc-items-controller # cap lst src min gen
  - id: cloudbees-quiet-start # cap lst src min gen
  - id: cobertura # 3rd lst src min gen
  - id: code-coverage-api # 3rd lst dep src min
  - id: config-file-provider # cap lst dep src min
  - id: configuration-as-code # cap lst dep src min
  - id: configuration-as-code-groovy # 3rd lst src min gen
  - id: data-tables-api # cap lst dep src
  - id: ec2-fleet # 3rd lst src min gen
  - id: echarts-api # cap dep
  - id: email-ext # cap lst src min gen
  - id: envinject # 3rd lst src min gen
  - id: envinject-api # 3rd lst dep src min
  - id: favorite # cap lst dep src
  - id: font-awesome-api # cap dep
  - id: forensics-api # cap lst dep src min
  - id: gerrit-trigger # 3rd lst src min gen
  - id: git # cap lst dep src
  - id: git-client # cap lst dep src
  - id: github # cap lst dep src
  - id: github-api # cap lst dep src
  - id: github-branch-source # cap lst dep src
  - id: gradle # cap lst dep src min
  - id: h2-api # 3rd lst dep src min
  - id: hashicorp-vault-plugin # 3rd lst cve src min gen
  - id: htmlpublisher # cap lst dep src
  - id: ivy # 3rd lst src min gen
  - id: jacoco # cap lst src min gen
  - id: job-dsl # 3rd lst src min gen
  - id: junit # cap lst dep src
  - id: mailer # cap lst bst src
  - id: matrix-project # cap lst dep src
  - id: maven-plugin # cap lst dep src min
  - id: parameterized-scheduler # 3rd lst src min gen
  - id: parameterized-trigger # 3rd lst src min gen
  - id: pipeline-maven # 3rd lst src min gen
  - id: pipeline-rest-api # cap dep
  - id: pipeline-stage-view # cap lst src min gen
  - id: pipeline-utility-steps # 3rd lst cve src min gen
  - id: plugin-util-api # cap dep
  - id: prism-api # cap lst dep src min
  - id: prometheus # 3rd lst src min gen
  - id: resource-disposer # 3rd lst dep src min
  - id: robot # 3rd lst src min gen
  - id: saml # cap lst src min gen
  - id: slack # 3rd lst src min gen
  - id: ssh-agent # cap lst src min gen
  - id: ssh-slaves # cap lst dep src min
  - id: swarm # 3rd lst src min gen
  - id: throttle-concurrents # 3rd lst src min gen
  - id: timestamper # cap lst src min gen
  - id: uno-choice # 3rd lst src min gen
  - id: workflow-multibranch # cap lst dep src
  - id: ws-cleanup # 3rd lst src min gen
