# This file is automatically generated - please do not edit manually.

# Annotations:
#  tag:custom:version=...    - sets a custom version
#  tag:custom:url=...        - sets a custom url
#  tag:custom:requires=...   - specifies any required dependencies

# Plugin Categories:
#  cap - is this a CAP plugin?
#  3rd - is this a 3rd party plugin?
#  old - is this a deprecated plugin?
#  cve - are there open security issues?
#  bst - installed by default
#  dep - installed as dependency
#  lst - installed because it was listed
#  src - used as a source plugin for this list
#  min - is part of the viable 'minimal' set of plugins
#  gen - is part of the non-viable 'generation-only' set of plugins

plugins:
  - id: ansicolor # 3rd lst src min gen
  - id: artifactory # 3rd lst src min gen
  - id: badge # 3rd lst src min gen
  - id: blueocean # cap lst src min gen
  - id: build-failure-analyzer # 3rd lst src min gen
  - id: build-monitor-plugin # 3rd lst src min gen
  - id: cloudbees-casc-client # cap lst src min gen
  - id: cloudbees-casc-items-controller # cap lst src min gen
  - id: cloudbees-quiet-start # cap lst src min gen
  - id: cobertura # 3rd lst src min gen
  - id: configuration-as-code-groovy # 3rd lst src min gen
  - id: ec2-fleet # 3rd lst src min gen
  - id: email-ext # cap lst src min gen
  - id: envinject # 3rd lst src min gen
  - id: gerrit-trigger # 3rd lst src min gen
  - id: hashicorp-vault-plugin # 3rd lst cve src min gen
  - id: ivy # 3rd lst src min gen
  - id: jacoco # cap lst src min gen
  - id: job-dsl # 3rd lst src min gen
  - id: parameterized-scheduler # 3rd lst src min gen
  - id: parameterized-trigger # 3rd lst src min gen
  - id: pipeline-maven # 3rd lst src min gen
  - id: pipeline-stage-view # cap lst src min gen
  - id: pipeline-utility-steps # 3rd lst cve src min gen
  - id: prometheus # 3rd lst src min gen
  - id: robot # 3rd lst src min gen
  - id: saml # cap lst src min gen
  - id: slack # 3rd lst src min gen
  - id: ssh-agent # cap lst src min gen
  - id: swarm # 3rd lst src min gen
  - id: throttle-concurrents # 3rd lst src min gen
  - id: timestamper # cap lst src min gen
  - id: uno-choice # 3rd lst src min gen
  - id: ws-cleanup # 3rd lst src min gen
